// Jest Snapshot v1, https://goo.gl/fbAQLP

exports[`CharacterCard should match the snapshot with all the correct data passed in 1`] = `ShallowWrapper {}`;
