// Jest Snapshot v1, https://goo.gl/fbAQLP

exports[`App should match the snapshot with the correct data passed in 1`] = `ShallowWrapper {}`;
