// Jest Snapshot v1, https://goo.gl/fbAQLP

exports[`App should match the snapshot with the correct data passing through 1`] = `ShallowWrapper {}`;
